// Vitest Snapshot v1, https://vitest.dev/guide/snapshot.html

exports[`SVGtoDataImage > base > Shadow DOM: SVG string > SHADOW DOM 1`] = `
"<div style="background: url('data:image/svg+xml;charset=utf-8,%0A%20%20%3Csvg%0A%20%20%20%20width=%22100%22%0A%20%20%20%20height=%22100%22%0A%20%20%20%20viewBox=%220%200%20100%20100%22%0A%20%20%20%20fill=%22none%22%0A%20%20%20%20xmlns=%22http://www.w3.org/2000/svg%22%3E%0A%20%20%20%20%3Ccircle%20cx=%2250%22%20cy=%2250%22%20r=%2250%22%20fill=%22white%22%20/%3E%0A%20%20%20%20%3Ccircle%20cx=%2250%22%20cy=%2250%22%20r=%2240%22%20fill=%22black%22%20/%3E%0A%20%20%20%20%3Ccircle%20cx=%2250%22%20cy=%2250%22%20r=%2230%22%20fill=%22white%22%20/%3E%0A%20%20%20%20%3Ccircle%20cx=%2250%22%20cy=%2250%22%20r=%2220%22%20fill=%22black%22%20/%3E%0A%20%20%20%20%3Ccircle%20cx=%2250%22%20cy=%2250%22%20r=%2210%22%20fill=%22white%22%20/%3E%0A%20%20%3C/svg%3E%0A') no-repeat center center #e4e4e4">
</div>
"
`;

exports[`SVGtoDataImage > base > Shadow DOM: SVG with interpolation > SHADOW DOM 1`] = `
"<div style="background: url('data:image/svg+xml;charset=utf-8,%0A%20%20%3Csvg%0A%20%20%20%20width=%22100%22%0A%20%20%20%20height=%22100%22%0A%20%20%20%20viewBox=%220%200%20100%20100%22%0A%20%20%20%20fill=%22none%22%0A%20%20%20%20xmlns=%22http://www.w3.org/2000/svg%22%3E%0A%20%20%20%20%3Ccircle%20cx=%2250%22%20cy=%2250%22%20r=%2250%22%20fill=%22white%22%20/%3E%0A%20%20%20%20%3Ccircle%20cx=%2250%22%20cy=%2250%22%20r=%2240%22%20fill=%22black%22%20/%3E%0A%20%20%20%20%3Ccircle%20cx=%2250%22%20cy=%2250%22%20r=%2230%22%20fill=%22white%22%20/%3E%0A%20%20%20%20%3Ccircle%20cx=%2250%22%20cy=%2250%22%20r=%2220%22%20fill=%22black%22%20/%3E%0A%20%20%20%20%3Ccircle%20cx=%2250%22%20cy=%2250%22%20r=%2210%22%20fill=%22white%22%20/%3E%0A%20%20%3C/svg%3E%0A') no-repeat center center #e4e4e4">
</div>
"
`;

exports[`SVGtoDataImage > base > Shadow DOM: SVG with interpolation 2 > SHADOW DOM 1`] = `
"<div style="background: url('data:image/svg+xml;charset=utf-8,%0A%20%20%3Csvg%0A%20%20%20%20width=%22100%22%0A%20%20%20%20height=%22100%22%0A%20%20%20%20viewBox=%220%200%20100%20100%22%0A%20%20%20%20fill=%22none%22%0A%20%20%20%20xmlns=%22http://www.w3.org/2000/svg%22%3E%0A%20%20%20%20%3Ccircle%20cx=%2250%22%20cy=%2250%22%20r=%2250%22%20fill=%22white%22%20/%3E%0A%20%20%20%20%3Ccircle%20cx=%2250%22%20cy=%2250%22%20r=%2240%22%20fill=%22black%22%20/%3E%0A%20%20%20%20%3Ccircle%20cx=%2250%22%20cy=%2250%22%20r=%2230%22%20fill=%22white%22%20/%3E%0A%20%20%20%20%3Ccircle%20cx=%2250%22%20cy=%2250%22%20r=%2220%22%20fill=%22black%22%20/%3E%0A%20%20%20%20%3Ccircle%20cx=%2250%22%20cy=%2250%22%20r=%2210%22%20fill=%22white%22%20/%3E%0A%20%20%3C/svg%3E%0A') no-repeat center center #e4e4e4">
</div>
"
`;

exports[`SVGtoDataImage > base > Shadow DOM: non-TemplateResult > SHADOW DOM 1`] = `
"<div style="background: url('data:image/svg+xml;charset=utf-8,%0A%20%20%3Csvg%0A%20%20%20%20width=%22100%22%0A%20%20%20%20height=%22100%22%0A%20%20%20%20viewBox=%220%200%20100%20100%22%0A%20%20%20%20fill=%22none%22%0A%20%20%20%20xmlns=%22http://www.w3.org/2000/svg%22%3E%0A%20%20%20%20%3Ccircle%20cx=%2250%22%20cy=%2250%22%20r=%2250%22%20fill=%22white%22%20/%3E%0A%20%20%20%20%3Ccircle%20cx=%2250%22%20cy=%2250%22%20r=%2240%22%20fill=%22black%22%20/%3E%0A%20%20%20%20%3Ccircle%20cx=%2250%22%20cy=%2250%22%20r=%2230%22%20fill=%22white%22%20/%3E%0A%20%20%20%20%3Ccircle%20cx=%2250%22%20cy=%2250%22%20r=%2220%22%20fill=%22black%22%20/%3E%0A%20%20%20%20%3Ccircle%20cx=%2250%22%20cy=%2250%22%20r=%2210%22%20fill=%22white%22%20/%3E%0A%20%20%3C/svg%3E%0A') no-repeat center center #e4e4e4">
</div>
"
`;
